7006652
0
85649473415
292943927475
131300509912
422403241695
22987521646
107677302546
91971263025
24422365660
125303305248
10422209720
480029696432
91818957216
498864214282
114153034375
166707329525
226270240194
502551514751
765610200315
206436763656
406584046822
265260249720
28322410363
2165733031
188844535862
224023705802
280357264222
113565299133
371348286305
3686273707
323806204464
524714670977
206788508424
89863010518
48347400953
359889073771
40211347254
477466403526
392562541952
185057580933
248656551493
317092076208
161667828216
443147745330
20189743230
578900978035
564814236375
305537228645
603167788524